// Jest Snapshot v1, https://goo.gl/fbAQLP

exports[`Tr component tests: should call onClick callback 1`] = `
<tr
  onClick={
    [MockFunction] {
      "calls": Array [
        Array [],
      ],
      "results": Array [
        Object {
          "type": "return",
          "value": undefined,
        },
      ],
    }
  }
>
  test
</tr>
`;

exports[`Tr component tests: should render 1`] = `
<tr>
  test
</tr>
`;
