// Jest Snapshot v1, https://goo.gl/fbAQLP

exports[`StickyPanel SNAPSHOTS should render 1`] = `
<StickyPanel>
  <Div
    className="stickypanel-wrapper"
  >
    <div
      className="stickypanel-wrapper"
    >
      <div
        className="stickypanel-container"
        style={Object {}}
      >
        <Button
          _success={true}
        >
          <button
            className="button-wrapper success"
            onClick={[Function]}
            type="button"
          >
            OK
          </button>
        </Button>
        <Button>
          <button
            className="button-wrapper"
            onClick={[Function]}
            type="button"
          >
            Cancel
          </button>
        </Button>
      </div>
    </div>
  </Div>
</StickyPanel>
`;
