// Jest Snapshot v1, https://goo.gl/fbAQLP

exports[`StickyPanel SNAPSHOTS render 1`] = `
<div>
  <div
    class="stickypanel-wrapper"
    style="height: 0px;"
  >
    <div
      class="stickypanel-container"
    >
      <button
        class="button-wrapper success"
        type="button"
      >
        OK
      </button>
      <button
        class="button-wrapper"
        type="button"
      >
        Cancel
      </button>
    </div>
  </div>
</div>
`;
