// Jest Snapshot v1, https://goo.gl/fbAQLP

exports[`Table SNAPSHOTS should render 1`] = `
<Table>
  <table>
    <ColGroup
      align="center"
      width="50"
    >
      <colgroup
        align="center"
        width="50"
      >
        <Col
          width="70"
        >
          <col
            width="70"
          />
        </Col>
        <Col
          width="30"
        >
          <col
            width="30"
          />
        </Col>
      </colgroup>
    </ColGroup>
    <THead>
      <thead>
        <Tr>
          <tr>
            <Th>
              <th>
                Browser
              </th>
            </Th>
            <Th>
              <th>
                Support
              </th>
            </Th>
          </tr>
        </Tr>
      </thead>
    </THead>
    <TBody>
      <tbody>
        <Tr>
          <tr>
            <Td>
              <td>
                Google Chrome
              </td>
            </Td>
            <Td>
              <td>
                +
              </td>
            </Td>
          </tr>
        </Tr>
        <Tr>
          <tr>
            <Td>
              <td>
                FireFox
              </td>
            </Td>
            <Td>
              <td>
                 +
              </td>
            </Td>
          </tr>
        </Tr>
        <Tr>
          <tr>
            <Td>
              <td>
                 Opera
              </td>
            </Td>
            <Td>
              <td>
                -
              </td>
            </Td>
          </tr>
        </Tr>
      </tbody>
    </TBody>
  </table>
</Table>
`;
